// Jest Snapshot v1, https://goo.gl/fbAQLP

exports[`toast should render toast with 'hello' 1`] = `
.emotion-0 {
  --toast-width: 96vw;
  visibility: visible;
  width: var(--toast-width);
  margin-left: calc(var(--toast-width) / 2 * -1);
  border-radius: 2px;
  padding: 16px;
  position: fixed;
  z-index: 1;
  left: 50%;
  bottom: 72px;
  display: -webkit-box;
  display: -webkit-flex;
  display: -ms-flexbox;
  display: flex;
  -webkit-box-pack: justify;
  -webkit-justify-content: space-between;
  justify-content: space-between;
  -webkit-align-items: center;
  -webkit-box-align: center;
  -ms-flex-align: center;
  align-items: center;
}

.emotion-0>div {
  color: var(--ion-color-dark);
}

<div
  className="emotion-0"
>
  <div>
    hello
  </div>
  <ion-icon
    color="dark"
    icon="data:image/svg+xml;utf8,<svg xmlns='http://www.w3.org/2000/svg' class='ionicon' viewBox='0 0 512 512'><title>Close</title><path d='M289.94 256l95-95A24 24 0 00351 127l-95 95-95-95a24 24 0 00-34 34l95 95-95 95a24 24 0 1034 34l95-95 95 95a24 24 0 0034-34z'/></svg>"
    onClick={[Function]}
  />
</div>
`;
